// Jest Snapshot v1, https://goo.gl/fbAQLP

exports[`test render Login screen renders correctly 1`] = `
<View
  style={
    Array [
      Object {
        "backgroundColor": "#FF5C00",
        "flexBasis": 0,
        "flexGrow": 1,
        "flexShrink": 1,
      },
    ]
  }
>
  <View
    style={
      Array [
        Object {
          "flexBasis": 0,
          "flexGrow": 4,
          "flexShrink": 1,
          "paddingBottom": 13,
          "paddingLeft": 13,
          "paddingRight": 13,
          "paddingTop": 13,
        },
      ]
    }
  >
    <View
      style={
        Array [
          Object {
            "alignItems": "center",
            "flexBasis": 0,
            "flexGrow": 1,
            "flexShrink": 1,
            "justifyContent": "center",
          },
        ]
      }
    >
      <Image
        source={
          Object {
            "testUri": "../../../src/assets/images/logo.png",
          }
        }
        style={
          Object {
            "height": 120,
            "width": 120,
          }
        }
      />
    </View>
    <Text
      style={
        Array [
          Object {
            "color": "#FFFFFF",
            "fontSize": 16,
            "fontWeight": "bold",
          },
        ]
      }
    >
      Login
    </Text>
  </View>
  <View
    style={
      Array [
        Object {
          "backgroundColor": "#FFFFFF",
          "borderTopLeftRadius": 30,
          "borderTopRightRadius": 30,
          "flexBasis": 0,
          "flexGrow": 6,
          "flexShrink": 1,
          "paddingLeft": 24,
          "paddingRight": 24,
          "paddingTop": 87,
        },
      ]
    }
  >
    <View>
      <View
        style={
          Array [
            Object {
              "height": 73,
              "marginBottom": 2,
            },
          ]
        }
      >
        <Text
          style={
            Array [
              Object {
                "color": "#646464",
                "fontSize": 12,
              },
            ]
          }
        >
          Digite seu e-mail
        </Text>
        <View
          style={
            Array [
              Object {
                "alignItems": "center",
                "borderBottomColor": "#646464",
                "borderBottomWidth": 1,
                "flexDirection": "row",
                "height": 40,
              },
            ]
          }
        >
          <MockedFontAwesome
            name="user-o"
            size={15}
            style={
              Object {
                "color": "#646464",
                "marginRight": 8,
              }
            }
          />
          <TextInput
            defaultValue=""
            onChangeText={[Function]}
            placeholder="E-mail"
            style={
              Object {
                "flex": 0.98,
                "paddingBottom": 0,
                "paddingTop": 0,
                "textAlignVertical": "center",
              }
            }
          />
        </View>
        <Text
          style={
            Array [
              Object {
                "color": "#EE0000",
                "fontSize": 12,
                "textAlign": "right",
              },
            ]
          }
        />
      </View>
      <View
        style={
          Array [
            Object {
              "height": 73,
              "marginBottom": 2,
            },
          ]
        }
      >
        <Text
          style={
            Array [
              Object {
                "color": "#646464",
                "fontSize": 12,
              },
            ]
          }
        >
          Digite sua senha
        </Text>
        <View
          style={
            Array [
              Object {
                "alignItems": "center",
                "borderBottomColor": "#646464",
                "borderBottomWidth": 1,
                "flexDirection": "row",
                "height": 40,
              },
            ]
          }
        >
          <MockedFontAwesome
            name="lock"
            size={20}
            style={
              Object {
                "color": "#646464",
                "marginRight": 8,
              }
            }
          />
          <TextInput
            autoCapitalize="none"
            defaultValue=""
            onChangeText={[Function]}
            placeholder="Digite sua senha"
            secureTextEntry={true}
            style={
              Object {
                "flex": 0.98,
                "paddingBottom": 0,
                "paddingTop": 0,
                "textAlignVertical": "center",
              }
            }
            textContentType="password"
          />
          <View
            accessible={true}
            collapsable={false}
            focusable={true}
            nativeID="animatedComponent"
            onClick={[Function]}
            onResponderGrant={[Function]}
            onResponderMove={[Function]}
            onResponderRelease={[Function]}
            onResponderTerminate={[Function]}
            onResponderTerminationRequest={[Function]}
            onStartShouldSetResponder={[Function]}
            style={
              Object {
                "opacity": 1,
              }
            }
          >
            <MockedFontAwesome
              name="eye"
              size={20}
              style={
                Object {
                  "color": "#646464",
                  "marginRight": 8,
                }
              }
            />
          </View>
        </View>
        <Text
          style={
            Array [
              Object {
                "color": "#EE0000",
                "fontSize": 12,
                "textAlign": "right",
              },
            ]
          }
        />
      </View>
      <View
        accessible={true}
        collapsable={false}
        focusable={true}
        nativeID="animatedComponent"
        onClick={[Function]}
        onResponderGrant={[Function]}
        onResponderMove={[Function]}
        onResponderRelease={[Function]}
        onResponderTerminate={[Function]}
        onResponderTerminationRequest={[Function]}
        onStartShouldSetResponder={[Function]}
        style={
          Object {
            "alignItems": "center",
            "backgroundColor": "#EDEDED",
            "borderRadius": 12,
            "height": 48,
            "justifyContent": "center",
            "marginTop": 25,
            "opacity": 1,
          }
        }
        testID="buttonStyled"
      >
        <Text
          style={
            Array [
              Object {
                "color": "#646464",
                "fontSize": 16,
              },
            ]
          }
        >
          Enviar
        </Text>
      </View>
    </View>
    <View
      accessible={true}
      collapsable={false}
      focusable={false}
      nativeID="animatedComponent"
      onClick={[Function]}
      onResponderGrant={[Function]}
      onResponderMove={[Function]}
      onResponderRelease={[Function]}
      onResponderTerminate={[Function]}
      onResponderTerminationRequest={[Function]}
      onStartShouldSetResponder={[Function]}
      style={
        Object {
          "opacity": 1,
        }
      }
    >
      <Text
        onPress={[Function]}
        style={
          Array [
            Object {
              "color": "#646464",
              "marginTop": 25,
              "textAlign": "center",
              "textDecorationLine": "underline",
            },
          ]
        }
      >
        Esqueci minha senha!
      </Text>
    </View>
  </View>
</View>
`;
